// Vitest Snapshot v1, https://vitest.dev/guide/snapshot.html

exports[`SubGenerator languages of chimera JHipster blueprint > run > should succeed 1`] = `
{
  ".yo-rc.json": {
    "stateCleared": "modified",
  },
  "src/main/resources/i18n/messages_en.properties": {
    "stateCleared": "modified",
  },
  "src/main/webapp/i18n/en/activate.json": {
    "stateCleared": "modified",
  },
  "src/main/webapp/i18n/en/adminAuthority.json": {
    "stateCleared": "modified",
  },
  "src/main/webapp/i18n/en/adminUserManagement.json": {
    "stateCleared": "modified",
  },
  "src/main/webapp/i18n/en/configuration.json": {
    "stateCleared": "modified",
  },
  "src/main/webapp/i18n/en/error.json": {
    "stateCleared": "modified",
  },
  "src/main/webapp/i18n/en/global.json": {
    "stateCleared": "modified",
  },
  "src/main/webapp/i18n/en/health.json": {
    "stateCleared": "modified",
  },
  "src/main/webapp/i18n/en/home.json": {
    "stateCleared": "modified",
  },
  "src/main/webapp/i18n/en/login.json": {
    "stateCleared": "modified",
  },
  "src/main/webapp/i18n/en/logs.json": {
    "stateCleared": "modified",
  },
  "src/main/webapp/i18n/en/metrics.json": {
    "stateCleared": "modified",
  },
  "src/main/webapp/i18n/en/password.json": {
    "stateCleared": "modified",
  },
  "src/main/webapp/i18n/en/primeReact.json": {
    "stateCleared": "modified",
  },
  "src/main/webapp/i18n/en/register.json": {
    "stateCleared": "modified",
  },
  "src/main/webapp/i18n/en/reset.json": {
    "stateCleared": "modified",
  },
  "src/main/webapp/i18n/en/sessions.json": {
    "stateCleared": "modified",
  },
  "src/main/webapp/i18n/en/settings.json": {
    "stateCleared": "modified",
  },
  "src/main/webapp/i18n/en/user-management.json": {
    "stateCleared": "modified",
  },
  "src/test/resources/i18n/messages_en.properties": {
    "stateCleared": "modified",
  },
}
`;
